[     151ms] [LOG] [Fast Refresh] rebuilding @ http://localhost:3000/_next/static/chunks/0i31_next_dist_0wayu0v._.js:2477
[     432ms] [LOG] [Fast Refresh] done in 391ms @ http://localhost:3000/_next/static/chunks/0i31_next_dist_0wayu0v._.js:2477
[     591ms] [LOG] [Fast Refresh] rebuilding @ http://localhost:3000/_next/static/chunks/0i31_next_dist_0wayu0v._.js:2477
[     696ms] [LOG] [Fast Refresh] done in 220ms @ http://localhost:3000/_next/static/chunks/0i31_next_dist_0wayu0v._.js:2477
[     807ms] [INFO] %cDownload the React DevTools for a better development experience: https://react.dev/link/react-devtools font-weight:bold @ http://localhost:3000/_next/static/chunks/0i31_next_dist_0wayu0v._.js:2477
[     841ms] [LOG] [HMR] connected @ http://localhost:3000/_next/static/chunks/0i31_next_dist_0wayu0v._.js:2477
[     852ms] [LOG] %c%s%c 
[35m
[Clerk]:[0m You are running in keyless mode.
You can [35mclaim your keys[0m by visiting https://dashboard.clerk.com/apps/claim?token=n69pjw7g6bubd89h7auh2epg8lqco4oqtvb5kxqd&return_url=http%3A%2F%2Flocalhost%3A3000%2F
 background: #e6e6e6;background: light-dark(rgba(0,0,0,0.1), rgba(255,255,255,0.25));color: #000000;color: light-dark(#000000, #ffffff);border-radius: 2px  Server   @ http://localhost:3000/_next/static/chunks/0i31_next_dist_0wayu0v._.js:2477
[     921ms] [WARNING] Clerk: Clerk has been loaded with development keys. Development instances have strict usage limits and should not be used when deploying your application to production. Learn more: https://clerk.com/docs/deployments/overview @ http://localhost:3000/_next/static/chunks/0i31_next_dist_0wayu0v._.js:2477
[     921ms] [WARNING] Clerk: The prop "afterSignInUrl" is deprecated and should be replaced with the new "fallbackRedirectUrl" or "forceRedirectUrl" props instead. Learn more: https://clerk.com/docs/guides/custom-redirects#redirect-url-props @ http://localhost:3000/_next/static/chunks/0i31_next_dist_0wayu0v._.js:2477
[    5005ms] [ERROR] Failed to load resource: the server responded with a status of 404 (Not Found) @ http://127.0.0.1:8003/runs/79c98338-e749-4b78-a240-334fa9ea3739/approval:0
[ 3953790ms] [LOG] [Fast Refresh] rebuilding @ http://localhost:3000/_next/static/chunks/0i31_next_dist_0wayu0v._.js:2477
[ 3955000ms] [LOG] [Fast Refresh] done in 1296ms @ http://localhost:3000/_next/static/chunks/0i31_next_dist_0wayu0v._.js:2477
[ 3956244ms] [LOG] [Fast Refresh] rebuilding @ http://localhost:3000/_next/static/chunks/0i31_next_dist_0wayu0v._.js:2477
[ 3958520ms] [LOG] [Fast Refresh] done in 2389ms @ http://localhost:3000/_next/static/chunks/0i31_next_dist_0wayu0v._.js:2477
[ 3983718ms] [LOG] [Fast Refresh] rebuilding @ http://localhost:3000/_next/static/chunks/0i31_next_dist_0wayu0v._.js:2477
[ 3985001ms] [LOG] [Fast Refresh] done in 1370ms @ http://localhost:3000/_next/static/chunks/0i31_next_dist_0wayu0v._.js:2477
[ 3985288ms] [LOG] [Fast Refresh] rebuilding @ http://localhost:3000/_next/static/chunks/0i31_next_dist_0wayu0v._.js:2477
[ 3986476ms] [LOG] [Fast Refresh] done in 1290ms @ http://localhost:3000/_next/static/chunks/0i31_next_dist_0wayu0v._.js:2477
[ 3991494ms] [LOG] [Fast Refresh] rebuilding @ http://localhost:3000/_next/static/chunks/0i31_next_dist_0wayu0v._.js:2477
[ 3991916ms] [LOG] [Fast Refresh] done in 517ms @ http://localhost:3000/_next/static/chunks/0i31_next_dist_0wayu0v._.js:2477
[ 3992156ms] [LOG] [Fast Refresh] rebuilding @ http://localhost:3000/_next/static/chunks/0i31_next_dist_0wayu0v._.js:2477
[ 3992781ms] [LOG] [Fast Refresh] done in 728ms @ http://localhost:3000/_next/static/chunks/0i31_next_dist_0wayu0v._.js:2477
[ 3992898ms] [LOG] [Fast Refresh] rebuilding @ http://localhost:3000/_next/static/chunks/0i31_next_dist_0wayu0v._.js:2477
[ 3993481ms] [LOG] [Fast Refresh] done in 695ms @ http://localhost:3000/_next/static/chunks/0i31_next_dist_0wayu0v._.js:2477
[ 4030534ms] [LOG] [Fast Refresh] rebuilding @ http://localhost:3000/_next/static/chunks/0i31_next_dist_0wayu0v._.js:2477
[ 4030919ms] [LOG] [Fast Refresh] done in 496ms @ http://localhost:3000/_next/static/chunks/0i31_next_dist_0wayu0v._.js:2477
